Microchip MPLAB XC8 Compiler V2.05 ()

Linker command line:

-W-3 --edf=/opt/microchip/xc8/v2.05/pic/dat/en_msgs.txt -cs \
  -h+dist/default/production/display.X.production.sym \
  --cmf=dist/default/production/display.X.production.cmf -z -Q18F4550 \
  -o/tmp/xcXXoryjR --defsym=__MPLAB_BUILD=1 \
  -Mdist/default/production/display.X.production.map -E1 -ver=XC8 \
  --acfsm=1493 -ASTACK=0170h-07FFh -pstack=STACK -ACODE=00h-07FFFh \
  -ACONST=00h-07FFFh -ASMALLCONST=0800h-08FFhx120 \
  -AMEDIUMCONST=0800h-07FFFh -ACOMRAM=01h-05Fh -AABS1=00h-07FFh \
  -ABIGRAM=01h-07FFh -ARAM=060h-0FFh,0100h-01FFhx7 -ABANK0=060h-0FFh \
  -ABANK1=0100h-01FFh -ABANK2=0200h-02FFh -ABANK3=0300h-03FFh \
  -ABANK4=0400h-04FFh -ABANK5=0500h-05FFh -ABANK6=0600h-06FFh \
  -ABANK7=0700h-07FFh -ASFR=0F60h-0FFFh \
  -preset_vec=00h,intcode=08h,intcodelo,powerup,init -pramtop=0800h \
  -psmallconst=SMALLCONST -pmediumconst=MEDIUMCONST -pconst=CONST \
  -AFARRAM=00h-00h -ACONFIG=0300000h-030000Dh -pconfig=CONFIG \
  -AIDLOC=0200000h-0200007h -pidloc=IDLOC -AEEDATA=0F00000h-0F000FFh \
  -peeprom_data=EEDATA \
  -prdata=COMRAM,nvrram=COMRAM,nvbit=COMRAM,rbss=COMRAM,rbit=COMRAM \
  -pfarbss=FARRAM,fardata=FARRAM,nvFARRAM=FARRAM \
  -pintsave_regs=BIGRAM,bigbss=BIGRAM,bigdata=BIGRAM -pbss=RAM \
  -pidata=CODE,irdata=CODE,ibigdata=CODE,ifardata=CODE -prparam=COMRAM \
  /tmp/xcXexD9yt.o dist/default/production/display.X.production.o 

Object code version is 3.11

Machine type is 18F4550

Call graph: (short form)




                Name                               Link     Load   Length Selector   Space Scale
/tmp/xcXexD9yt.o
                init                                  E        E        4        4       0
                reset_vec                             0        0        4        0       0
                idloc                            200000   200000        8   200000       0
                config                           300000   300000        E   300000       0
dist/default/production/display.X.production.o
                intcode                               8        8        6        4       0
                temp                                 5F       5F        1        1       1
                smallconst                          800      800       40      400       0
                intcode_body                       3588     3588       16      420       0
                text42                             35B2     35B2       14      420       0
                text41                             3008     3008       7A      420       0
                text40                             33C2     33C2       34      420       0
                text39                             3284     3284       4C      420       0
                text38                             359E     359E       14      420       0
                text37                             3456     3456       30      420       0
                text36                             3238     3238       4C      420       0
                text35                             352A     352A       24      420       0
                text34                             338E     338E       34      420       0
                text33                             3570     3570       18      420       0
                text32                             2986     2986      140      420       0
                text31                             3504     3504       26      420       0
                text30                             3426     3426       30      420       0
                text29                             3318     3318       3E      420       0
                text28                             2846     2846      140      420       0
                text27                             2F84     2F84       84      420       0
                text26                             3082     3082       70      420       0
                text25                             2404     2404      288      420       0
                text24                             2EFA     2EFA       8A      420       0
                text23                             2AC6     2AC6       D0      420       0
                text22                             1DA6     1DA6      352      420       0
                text21                             3486     3486       2E      420       0
                text20                             20F8     20F8      30C      420       0
                text19                             32D0     32D0       48      420       0
                text18                             2C62     2C62       BC      420       0
                text17                             2B96     2B96       CC      420       0
                text16                             268C     268C      1BA      420       0
                text15                             35C6     35C6        2      420       0
                text14                             2DC0     2DC0       A0      420       0
                text13                             3356     3356       38      420       0
                text12                             34B4     34B4       2A      420       0
                text11                             2E60     2E60       9A      420       0
                text10                             319A     319A       52      420       0
                text9                              33F6     33F6       30      420       0
                text8                              31EC     31EC       4C      420       0
                text7                               840      840      97C      420       0
                text6                              2D1E     2D1E       A2      420       0
                text5                              11BC     11BC      434      420       0
                text4                              30F2     30F2       56      420       0
                text3                              3148     3148       52      420       0
                text2                              354E     354E       22      420       0
                text1                              15F0     15F0      430      420       0
                text0                              1A20     1A20      386      420       0
                cstackCOMRAM                          1        1       5E        1       1
                cstackBANK0                          60       60       85       60       1
                bssBANK1                            100      100       70      100       1
                bssBANK0                             E5       E5       18       60       1
                cinit                              34DE     34DE       26      420       0

TOTAL           Name                               Link     Load   Length     Space
        CLASS   STACK          

        CLASS   CODE           
                intcode                               8        8        6         0
                init                                  E        E        4         0
                reset_vec                             0        0        4         0
                intcode_body                       3588     3588       16         0
                text42                             35B2     35B2       14         0
                text41                             3008     3008       7A         0
                text40                             33C2     33C2       34         0
                text39                             3284     3284       4C         0
                text38                             359E     359E       14         0
                text37                             3456     3456       30         0
                text36                             3238     3238       4C         0
                text35                             352A     352A       24         0
                text34                             338E     338E       34         0
                text33                             3570     3570       18         0
                text32                             2986     2986      140         0
                text31                             3504     3504       26         0
                text30                             3426     3426       30         0
                text29                             3318     3318       3E         0
                text28                             2846     2846      140         0
                text27                             2F84     2F84       84         0
                text26                             3082     3082       70         0
                text25                             2404     2404      288         0
                text24                             2EFA     2EFA       8A         0
                text23                             2AC6     2AC6       D0         0
                text22                             1DA6     1DA6      352         0
                text21                             3486     3486       2E         0
                text20                             20F8     20F8      30C         0
                text19                             32D0     32D0       48         0
                text18                             2C62     2C62       BC         0
                text17                             2B96     2B96       CC         0
                text16                             268C     268C      1BA         0
                text15                             35C6     35C6        2         0
                text14                             2DC0     2DC0       A0         0
                text13                             3356     3356       38         0
                text12                             34B4     34B4       2A         0
                text11                             2E60     2E60       9A         0
                text10                             319A     319A       52         0
                text9                              33F6     33F6       30         0
                text8                              31EC     31EC       4C         0
                text7                               840      840      97C         0
                text6                              2D1E     2D1E       A2         0
                text5                              11BC     11BC      434         0
                text4                              30F2     30F2       56         0
                text3                              3148     3148       52         0
                text2                              354E     354E       22         0
                text1                              15F0     15F0      430         0
                text0                              1A20     1A20      386         0
                cinit                              34DE     34DE       26         0

        CLASS   CONST          

        CLASS   SMALLCONST     
                smallconst                          800      800       40         0

        CLASS   MEDIUMCONST    

        CLASS   COMRAM         
                temp                                 5F       5F        1         1
                cstackCOMRAM                          1        1       5E         1

        CLASS   ABS1           

        CLASS   BIGRAM         

        CLASS   RAM            

        CLASS   BANK0          
                cstackBANK0                          60       60       85         1
                bssBANK0                             E5       E5       18         1

        CLASS   BANK1          
                bssBANK1                            100      100       70         1

        CLASS   BANK2          

        CLASS   BANK3          

        CLASS   BANK4          

        CLASS   BANK5          

        CLASS   BANK6          

        CLASS   BANK7          

        CLASS   SFR            

        CLASS   FARRAM         

        CLASS   CONFIG         
                config                           300000   300000        E         0

        CLASS   IDLOC          
                idloc                            200000   200000        8         0

        CLASS   EEDATA         



SEGMENTS        Name                           Load    Length   Top    Selector   Space  Class

                reset_vec                      000000  000004  000004         0       0  CODE    
                cstackCOMRAM                   000001  00005F  000060         1       1  COMRAM  
                intcode                        000008  00000A  000012         4       0  CODE    
                cstackBANK0                    000060  00009D  0000FD        60       1  BANK0   
                bssBANK1                       000100  000070  000170       100       1  BANK1   
                smallconst                     000800  000040  000840       400       0  SMALLCON
                text7                          000840  002D88  0035C8       420       0  CODE    
                idloc                          200000  000008  200008    200000       0  IDLOC   
                config                         300000  00000E  30000E    300000       0  CONFIG  


UNUSED ADDRESS RANGES

        Name                Unused          Largest block    Delta
        BANK0            0000FD-0000FF                3
        BANK1            000170-0001FF               90
        BANK2            000200-0002FF              100
        BANK3            000300-0003FF              100
        BANK4            000400-0004FF              100
        BANK5            000500-0005FF              100
        BANK6            000600-0006FF              100
        BANK7            000700-0007FF              100
        BIGRAM           0000FD-0000FF                3
                         000170-0007FF              690
        CODE             000004-000007                4
                         000012-0007FF              7EE
                         0035C8-007FFF             4A38
        CONST            000004-000007                4
                         000012-0007FF              7EE
                         0035C8-007FFF             4A38
        EEDATA           F00000-F000FF              100
        MEDIUMCONST      0035C8-007FFF             4A38
        RAM              0000FD-0000FF                3
                         000170-0007FF              100
        SFR              000F60-000FFF               A0
        SMALLCONST       0035C8-007FFF              100
        STACK            000170-0007FF              690

                                  Symbol Table

?_ADC_Read               cstackCOMRAM 000001
?___awdiv                cstackCOMRAM 000001
?___awmod                cstackCOMRAM 000001
?___fladd                cstackCOMRAM 00004D
?___fldiv                cstackCOMRAM 000034
?___flmul                cstackCOMRAM 00000F
?___flneg                cstackCOMRAM 000001
?___flsub                cstackBANK0  000060
?___fltol                cstackBANK0  000060
?___fpclassifyf          cstackCOMRAM 000001
?___wmul                 cstackCOMRAM 000001
?___xxtofl               cstackCOMRAM 000001
?_atoi                   cstackCOMRAM 000008
?_efgtoa                 cstackBANK0  00006A
?_floorf                 cstackCOMRAM 00004D
?_isdigit                cstackCOMRAM 000001
?_isspace                cstackCOMRAM 000001
?_isupper                cstackCOMRAM 000001
?_nanf                   cstackCOMRAM 000001
?_pad                    cstackCOMRAM 000011
?_sprintf                cstackBANK0  0000CE
?_sqrtf                  cstackBANK0  000060
?_strlen                 cstackCOMRAM 000001
?_strncmp                cstackCOMRAM 000001
?_tolower                cstackCOMRAM 000007
?_vfpfcnvrt              cstackBANK0  0000AE
?_vfprintf               cstackBANK0  0000C6
ADC_Read@channel         cstackCOMRAM 000001
ADC_Read@digital         cstackCOMRAM 000007
LCD_Char@dat             cstackCOMRAM 000008
LCD_Command@cmd          cstackCOMRAM 000008
LCD_String@msg           cstackCOMRAM 000009
LCD_String_xy@location   cstackCOMRAM 00000F
LCD_String_xy@msg        cstackCOMRAM 00000C
LCD_String_xy@pos        cstackCOMRAM 00000B
LCD_String_xy@row        cstackCOMRAM 00000E
MSdelay@i                cstackCOMRAM 000003
MSdelay@j                cstackCOMRAM 000005
MSdelay@val              cstackCOMRAM 000001
_ADCON0                  (abs)        000FC2
_ADCON0bits              (abs)        000FC2
_ADCON1                  (abs)        000FC1
_ADCON2                  (abs)        000FC0
_ADC_Init                text42       0035B2
_ADC_Read                text41       003008
_ADON                    (abs)        007E10
_ADRESH                  (abs)        000FC4
_ADRESL                  (abs)        000FC3
_GIE                     (abs)        007F97
_GO                      (abs)        007E11
_LATB                    (abs)        000F8A
_LATB0                   (abs)        007C50
_LATB1                   (abs)        007C51
_LCD_Char                text36       003238
_LCD_Clear               text38       00359E
_LCD_Command             text39       003284
_LCD_Init                text37       003456
_LCD_String              text35       00352A
_LCD_String_xy           text34       00338E
_MSdelay                 text40       0033C2
_OSCCON                  (abs)        000FD3
_PEIE                    (abs)        007F96
_PIR1bits                (abs)        000F9E
_T1CON                   (abs)        000FCD
_TIMER1_Start            text33       003570
_TMR1                    (abs)        000FCE
_TMR1IE                  (abs)        007CE8
_TMR1IF                  (abs)        007CF0
_TMR1ON                  (abs)        007E68
_TRISA                   (abs)        000F92
_TRISB                   (abs)        000F93
_TRISC                   (abs)        000F94
__CFG_BOR$ON             (abs)        000000
__CFG_BORV$3             (abs)        000000
__CFG_CCP2MX$ON          (abs)        000000
__CFG_CP0$OFF            (abs)        000000
__CFG_CP1$OFF            (abs)        000000
__CFG_CP2$OFF            (abs)        000000
__CFG_CP3$OFF            (abs)        000000
__CFG_CPB$OFF            (abs)        000000
__CFG_CPD$OFF            (abs)        000000
__CFG_CPUDIV$OSC1_PLL2   (abs)        000000
__CFG_EBTR0$OFF          (abs)        000000
__CFG_EBTR1$OFF          (abs)        000000
__CFG_EBTR2$OFF          (abs)        000000
__CFG_EBTR3$OFF          (abs)        000000
__CFG_EBTRB$OFF          (abs)        000000
__CFG_FCMEN$OFF          (abs)        000000
__CFG_FOSC$INTOSC_EC     (abs)        000000
__CFG_ICPRT$OFF          (abs)        000000
__CFG_IESO$OFF           (abs)        000000
__CFG_LPT1OSC$OFF        (abs)        000000
__CFG_LVP$OFF            (abs)        000000
__CFG_MCLRE$OFF          (abs)        000000
__CFG_PBADEN$ON          (abs)        000000
__CFG_PLLDIV$1           (abs)        000000
__CFG_PWRT$OFF           (abs)        000000
__CFG_STVREN$ON          (abs)        000000
__CFG_USBDIV$1           (abs)        000000
__CFG_VREGEN$OFF         (abs)        000000
__CFG_WDT$OFF            (abs)        000000
__CFG_WDTPS$32768        (abs)        000000
__CFG_WRT0$OFF           (abs)        000000
__CFG_WRT1$OFF           (abs)        000000
__CFG_WRT2$OFF           (abs)        000000
__CFG_WRT3$OFF           (abs)        000000
__CFG_WRTB$OFF           (abs)        000000
__CFG_WRTC$OFF           (abs)        000000
__CFG_WRTD$OFF           (abs)        000000
__CFG_XINST$OFF          (abs)        000000
__HRAM                   (abs)        000000
__Habs1                  abs1         000000
__Hbank0                 bank0        000000
__Hbank1                 bank1        000000
__Hbank2                 bank2        000000
__Hbank3                 bank3        000000
__Hbank4                 bank4        000000
__Hbank5                 bank5        000000
__Hbank6                 bank6        000000
__Hbank7                 bank7        000000
__Hbigbss                bigbss       000000
__Hbigdata               bigdata      000000
__Hbigram                bigram       000000
__Hbss                   bss          000000
__HbssBANK0              bssBANK0     000000
__HbssBANK1              bssBANK1     000000
__Hcinit                 cinit        000000
__Hclrtext               clrtext      000000
__Hcomram                comram       000000
__Hconfig                config       30000E
__Hconst                 const        000000
__HcstackBANK0           cstackBANK0  000000
__HcstackCOMRAM          cstackCOMRAM 000000
__Hdata                  data         000000
__Heeprom_data           eeprom_data  000000
__Hfarbss                farbss       000000
__Hfardata               fardata      000000
__Hibigdata              ibigdata     000000
__Hidata                 idata        000000
__Hidloc                 idloc        200008
__Hifardata              ifardata     000000
__Hinit                  init         000012
__Hintcode               intcode      00000E
__Hintcode_body          intcode_body 000000
__Hintcodelo             intcodelo    00000E
__Hintentry              intentry     000000
__Hintret                intret       000000
__Hintsave_regs          intsave_regs 000000
__Hirdata                irdata       000000
__Hmediumconst           mediumconst  000000
__HnvFARRAM              nvFARRAM     000000
__Hnvbit                 nvbit        000000
__Hnvrram                nvrram       000000
__Hparam                 rparam       000000
__Hpowerup               powerup      00000E
__Hram                   ram          000000
__Hramtop                ramtop       000800
__Hrbit                  rbit         000000
__Hrbss                  rbss         000000
__Hrdata                 rdata        000000
__Hreset_vec             reset_vec    000004
__Hrparam                rparam       000000
__Hsfr                   sfr          000000
__Hsmallconst            smallconst   000840
__Hspace_0               (abs)        30000E
__Hspace_1               (abs)        000170
__Hspace_2               (abs)        000000
__Hstack                 stack        000000
__Hstruct                struct       000000
__Htemp                  temp         000060
__Htext                  text         000000
__Htext0                 text0        000000
__Htext1                 text1        000000
__Htext10                text10       000000
__Htext11                text11       000000
__Htext12                text12       000000
__Htext13                text13       000000
__Htext14                text14       000000
__Htext15                text15       000000
__Htext16                text16       000000
__Htext17                text17       000000
__Htext18                text18       000000
__Htext19                text19       000000
__Htext2                 text2        000000
__Htext20                text20       000000
__Htext21                text21       000000
__Htext22                text22       000000
__Htext23                text23       000000
__Htext24                text24       000000
__Htext25                text25       000000
__Htext26                text26       000000
__Htext27                text27       000000
__Htext28                text28       000000
__Htext29                text29       000000
__Htext3                 text3        000000
__Htext30                text30       000000
__Htext31                text31       000000
__Htext32                text32       000000
__Htext33                text33       000000
__Htext34                text34       000000
__Htext35                text35       000000
__Htext36                text36       000000
__Htext37                text37       000000
__Htext38                text38       000000
__Htext39                text39       000000
__Htext4                 text4        000000
__Htext40                text40       000000
__Htext41                text41       000000
__Htext42                text42       000000
__Htext5                 text5        000000
__Htext6                 text6        000000
__Htext7                 text7        000000
__Htext8                 text8        000000
__Htext9                 text9        000000
__LRAM                   (abs)        000001
__Labs1                  abs1         000000
__Lbank0                 bank0        000000
__Lbank1                 bank1        000000
__Lbank2                 bank2        000000
__Lbank3                 bank3        000000
__Lbank4                 bank4        000000
__Lbank5                 bank5        000000
__Lbank6                 bank6        000000
__Lbank7                 bank7        000000
__Lbigbss                bigbss       000000
__Lbigdata               bigdata      000000
__Lbigram                bigram       000000
__Lbss                   bss          000000
__LbssBANK0              bssBANK0     000000
__LbssBANK1              bssBANK1     000000
__Lcinit                 cinit        000000
__Lclrtext               clrtext      000000
__Lcomram                comram       000000
__Lconfig                config       300000
__Lconst                 const        000000
__LcstackBANK0           cstackBANK0  000000
__LcstackCOMRAM          cstackCOMRAM 000000
__Ldata                  data         000000
__Leeprom_data           eeprom_data  000000
__Lfarbss                farbss       000000
__Lfardata               fardata      000000
__Libigdata              ibigdata     000000
__Lidata                 idata        000000
__Lidloc                 idloc        200000
__Lifardata              ifardata     000000
__Linit                  init         00000E
__Lintcode               intcode      000008
__Lintcode_body          intcode_body 000000
__Lintcodelo             intcodelo    00000E
__Lintentry              intentry     000000
__Lintret                intret       000000
__Lintsave_regs          intsave_regs 000000
__Lirdata                irdata       000000
__Lmediumconst           mediumconst  000000
__LnvFARRAM              nvFARRAM     000000
__Lnvbit                 nvbit        000000
__Lnvrram                nvrram       000000
__Lparam                 rparam       000000
__Lpowerup               powerup      00000E
__Lram                   ram          000000
__Lramtop                ramtop       000800
__Lrbit                  rbit         000000
__Lrbss                  rbss         000000
__Lrdata                 rdata        000000
__Lreset_vec             reset_vec    000000
__Lrparam                rparam       000000
__Lsfr                   sfr          000000
__Lsmallconst            smallconst   000800
__Lspace_0               (abs)        000000
__Lspace_1               (abs)        000000
__Lspace_2               (abs)        000000
__Lstack                 stack        000000
__Lstruct                struct       000000
__Ltemp                  temp         00005F
__Ltext                  text         000000
__Ltext0                 text0        000000
__Ltext1                 text1        000000
__Ltext10                text10       000000
__Ltext11                text11       000000
__Ltext12                text12       000000
__Ltext13                text13       000000
__Ltext14                text14       000000
__Ltext15                text15       000000
__Ltext16                text16       000000
__Ltext17                text17       000000
__Ltext18                text18       000000
__Ltext19                text19       000000
__Ltext2                 text2        000000
__Ltext20                text20       000000
__Ltext21                text21       000000
__Ltext22                text22       000000
__Ltext23                text23       000000
__Ltext24                text24       000000
__Ltext25                text25       000000
__Ltext26                text26       000000
__Ltext27                text27       000000
__Ltext28                text28       000000
__Ltext29                text29       000000
__Ltext3                 text3        000000
__Ltext30                text30       000000
__Ltext31                text31       000000
__Ltext32                text32       000000
__Ltext33                text33       000000
__Ltext34                text34       000000
__Ltext35                text35       000000
__Ltext36                text36       000000
__Ltext37                text37       000000
__Ltext38                text38       000000
__Ltext39                text39       000000
__Ltext4                 text4        000000
__Ltext40                text40       000000
__Ltext41                text41       000000
__Ltext42                text42       000000
__Ltext5                 text5        000000
__Ltext6                 text6        000000
__Ltext7                 text7        000000
__Ltext8                 text8        000000
__Ltext9                 text9        000000
__S0                     (abs)        30000E
__S1                     (abs)        000170
__S2                     (abs)        000000
___awdiv                 text27       002F84
___awdiv@counter         cstackCOMRAM 000005
___awdiv@dividend        cstackCOMRAM 000001
___awdiv@divisor         cstackCOMRAM 000003
___awdiv@quotient        cstackCOMRAM 000007
___awdiv@sign            cstackCOMRAM 000006
___awmod                 text26       003082
___awmod@counter         cstackCOMRAM 000005
___awmod@dividend        cstackCOMRAM 000001
___awmod@divisor         cstackCOMRAM 000003
___awmod@sign            cstackCOMRAM 000006
___fladd                 text20       0020F8
___fladd@a               cstackCOMRAM 000051
___fladd@aexp            cstackCOMRAM 00005A
___fladd@b               cstackCOMRAM 00004D
___fladd@bexp            cstackCOMRAM 00005B
___fladd@grs             cstackCOMRAM 00005C
___fladd@signs           cstackCOMRAM 000059
___fldiv                 text25       002404
___fldiv@a               cstackCOMRAM 000038
___fldiv@aexp            cstackCOMRAM 00004C
___fldiv@b               cstackCOMRAM 000034
___fldiv@bexp            cstackCOMRAM 00004B
___fldiv@grs             cstackCOMRAM 000047
___fldiv@new_exp         cstackCOMRAM 000045
___fldiv@rem             cstackCOMRAM 000040
___fldiv@sign            cstackCOMRAM 000044
___fleq                  text24       002EFA
___fleq@ff1              cstackCOMRAM 000001
___fleq@ff2              cstackCOMRAM 000005
___flge                  text23       002AC6
___flge@ff1              cstackCOMRAM 000028
___flge@ff2              cstackCOMRAM 00002C
___flmul                 text22       001DA6
___flmul@a               cstackCOMRAM 000013
___flmul@aexp            cstackCOMRAM 000020
___flmul@b               cstackCOMRAM 00000F
___flmul@bexp            cstackCOMRAM 000021
___flmul@grs             cstackCOMRAM 00001C
___flmul@prod            cstackCOMRAM 000022
___flmul@sign            cstackCOMRAM 00001B
___flmul@temp            cstackCOMRAM 000026
___flneg                 text21       003486
___flneg@f1              cstackCOMRAM 000001
___flsub                 text19       0032D0
___flsub@a               cstackBANK0  000064
___flsub@b               cstackBANK0  000060
___fltol                 text18       002C62
___fltol@exp1            cstackCOMRAM 00005E
___fltol@f1              cstackBANK0  000060
___fltol@sign1           cstackCOMRAM 00005D
___fpclassifyf           text17       002B96
___fpclassifyf@F463      bssBANK1     00010E
___fpclassifyf@e         cstackCOMRAM 000009
___fpclassifyf@u         cstackCOMRAM 00000B
___fpclassifyf@x         cstackCOMRAM 000001
___inthi_sp              stack        000000
___intlo_sp              stack        000000
___param_bank            (abs)        000000
___rparam_used           (abs)        000001
___sp                    stack        000000
___wmul                  text31       003504
___wmul@multiplicand     cstackCOMRAM 000003
___wmul@multiplier       cstackCOMRAM 000001
___wmul@product          cstackCOMRAM 000005
___xxtofl                text32       002986
___xxtofl@arg            cstackCOMRAM 00000B
___xxtofl@exp            cstackCOMRAM 00000A
___xxtofl@sign           cstackCOMRAM 000009
___xxtofl@val            cstackCOMRAM 000001
__accesstop              (abs)        000060
__activetblptr           (abs)        000002
__end_of_ADC_Init        text42       0035C6
__end_of_ADC_Read        text41       003082
__end_of_LCD_Char        text36       003284
__end_of_LCD_Clear       text38       0035B2
__end_of_LCD_Command     text39       0032D0
__end_of_LCD_Init        text37       003486
__end_of_LCD_String      text35       00354E
__end_of_LCD_String_xy   text34       0033C2
__end_of_MSdelay         text40       0033F6
__end_of_TIMER1_Start    text33       003588
__end_of___awdiv         text27       003008
__end_of___awmod         text26       0030F2
__end_of___fladd         text20       002404
__end_of___fldiv         text25       00268C
__end_of___fleq          text24       002F84
__end_of___flge          text23       002B96
__end_of___flmul         text22       0020F8
__end_of___flneg         text21       0034B4
__end_of___flsub         text19       003318
__end_of___fltol         text18       002D1E
__end_of___fpclassifyf   text17       002C62
__end_of___wmul          text31       00352A
__end_of___xxtofl        text32       002AC6
__end_of__initialization cinit        0034F6
__end_of_atoi            text28       002986
__end_of_efgtoa          text7        0011BC
__end_of_floorf          text16       002846
__end_of_fputc           text14       002E60
__end_of_fputs           text13       00338E
__end_of_isdigit         text30       003456
__end_of_isspace         text29       003356
__end_of_isupper         text9        003426
__end_of_main            text0        001DA6
__end_of_nanf            text2        003570
__end_of_pad             text11       002EFA
__end_of_putch           text15       0035C8
__end_of_sprintf         text3        00319A
__end_of_sqrtf           text1        001A20
__end_of_strcpy          text10       0031EC
__end_of_strlen          text12       0034DE
__end_of_strncmp         text6        002DC0
__end_of_timer1_isr      intcode_body 00359E
__end_of_tiny            smallconst   000805
__end_of_tolower         text8        003238
__end_of_vfpfcnvrt       text5        0015F0
__end_of_vfprintf        text4        003148
__initialization         cinit        0034DE
__mediumconst            mediumconst  000000
__pbssBANK0              bssBANK0     0000E5
__pbssBANK1              bssBANK1     000100
__pcinit                 cinit        0034DE
__pcstackBANK0           cstackBANK0  000060
__pcstackCOMRAM          cstackCOMRAM 000001
__pintcode               intcode      000008
__pintcode_body          intcode_body 003588
__psmallconst            smallconst   000800
__ptext0                 text0        001A20
__ptext1                 text1        0015F0
__ptext10                text10       00319A
__ptext11                text11       002E60
__ptext12                text12       0034B4
__ptext13                text13       003356
__ptext14                text14       002DC0
__ptext15                text15       0035C6
__ptext16                text16       00268C
__ptext17                text17       002B96
__ptext18                text18       002C62
__ptext19                text19       0032D0
__ptext2                 text2        00354E
__ptext20                text20       0020F8
__ptext21                text21       003486
__ptext22                text22       001DA6
__ptext23                text23       002AC6
__ptext24                text24       002EFA
__ptext25                text25       002404
__ptext26                text26       003082
__ptext27                text27       002F84
__ptext28                text28       002846
__ptext29                text29       003318
__ptext3                 text3        003148
__ptext30                text30       003426
__ptext31                text31       003504
__ptext32                text32       002986
__ptext33                text33       003570
__ptext34                text34       00338E
__ptext35                text35       00352A
__ptext36                text36       003238
__ptext37                text37       003456
__ptext38                text38       00359E
__ptext39                text39       003284
__ptext4                 text4        0030F2
__ptext40                text40       0033C2
__ptext41                text41       003008
__ptext42                text42       0035B2
__ptext5                 text5        0011BC
__ptext6                 text6        002D1E
__ptext7                 text7        000840
__ptext8                 text8        0031EC
__ptext9                 text9        0033F6
__ramtop                 ramtop       000800
__size_of_ADC_Init       (abs)        000000
__size_of_ADC_Read       (abs)        000000
__size_of_LCD_Char       (abs)        000000
__size_of_LCD_Clear      (abs)        000000
__size_of_LCD_Command    (abs)        000000
__size_of_LCD_Init       (abs)        000000
__size_of_LCD_String     (abs)        000000
__size_of_LCD_String_xy  (abs)        000000
__size_of_MSdelay        (abs)        000000
__size_of_TIMER1_Start   (abs)        000000
__size_of___awdiv        (abs)        000000
__size_of___awmod        (abs)        000000
__size_of___fladd        (abs)        000000
__size_of___fldiv        (abs)        000000
__size_of___fleq         (abs)        000000
__size_of___flge         (abs)        000000
__size_of___flmul        (abs)        000000
__size_of___flneg        (abs)        000000
__size_of___flsub        (abs)        000000
__size_of___fltol        (abs)        000000
__size_of___fpclassifyf  (abs)        000000
__size_of___wmul         (abs)        000000
__size_of___xxtofl       (abs)        000000
__size_of_atoi           (abs)        000000
__size_of_efgtoa         (abs)        000000
__size_of_floorf         (abs)        000000
__size_of_fputc          (abs)        000000
__size_of_fputs          (abs)        000000
__size_of_isdigit        (abs)        000000
__size_of_isspace        (abs)        000000
__size_of_isupper        (abs)        000000
__size_of_main           (abs)        000000
__size_of_nanf           (abs)        000000
__size_of_pad            (abs)        000000
__size_of_putch          (abs)        000000
__size_of_sprintf        (abs)        000000
__size_of_sqrtf          (abs)        000000
__size_of_strcpy         (abs)        000000
__size_of_strlen         (abs)        000000
__size_of_strncmp        (abs)        000000
__size_of_timer1_isr     (abs)        000000
__size_of_tolower        (abs)        000000
__size_of_vfpfcnvrt      (abs)        000000
__size_of_vfprintf       (abs)        000000
__smallconst             smallconst   000800
_atoi                    text28       002846
_atoi$858                cstackCOMRAM 000010
_atoi$859                cstackCOMRAM 000014
_atoi$860                cstackCOMRAM 000012
_counter                 bssBANK0     0000F3
_current                 bssBANK0     0000E5
_current_read            bssBANK0     0000F9
_current_str             bssBANK1     000166
_dbuf                    bssBANK1     000116
_efgtoa                  text7        000840
_efgtoa$357              cstackBANK0  00007A
_efgtoa$358              cstackBANK0  00007C
_efgtoa$363              cstackBANK0  00007E
_efgtoa$367              cstackBANK0  000080
_efgtoa$368              cstackBANK0  000082
_efgtoa$369              cstackBANK0  000084
_errno                   bssBANK0     0000E9
_flags                   bssBANK0     0000F1
_floorf                  text16       00268C
_fputc                   text14       002DC0
_fputs                   text13       003356
_isdigit                 text30       003426
_isspace                 text29       003318
_isspace$889             cstackCOMRAM 000007
_isupper                 text9        0033F6
_main                    text0        001A20
_main$1211               cstackBANK0  0000E1
_max_current             bssBANK0     0000F5
_max_current_ant         bssBANK0     0000FB
_nanf                    text2        00354E
_nout                    bssBANK0     0000EB
_pad                     text11       002E60
_prec                    bssBANK0     0000EF
_putch                   text15       0035C6
_sprintf                 text3        003148
_sqrtf                   text1        0015F0
_strcpy                  text10       00319A
_strlen                  text12       0034B4
_strncmp                 text6        002D1E
_timer1_isr              intcode      000008
_tolower                 text8        0031EC
_tolower$999             cstackCOMRAM 00000D
_vfpfcnvrt               text5        0011BC
_vfpfcnvrt$383           cstackBANK0  0000BA
_vfpfcnvrt$387           cstackBANK0  0000BC
_vfprintf                text4        0030F2
_voltage                 bssBANK1     000112
_voltage_read            bssBANK0     0000F7
_voltage_str             bssBANK1     000100
_width                   bssBANK0     0000ED
atoi@n                   cstackCOMRAM 000015
atoi@neg                 cstackCOMRAM 00000E
atoi@s                   cstackCOMRAM 000008
btemp                    temp         00005F
efgtoa@c                 cstackBANK0  000070
efgtoa@d                 cstackBANK0  00008E
efgtoa@e                 cstackBANK0  0000A6
efgtoa@f                 cstackBANK0  00006C
efgtoa@fp                cstackBANK0  00006A
efgtoa@g                 cstackBANK0  0000A2
efgtoa@h                 cstackBANK0  000098
efgtoa@i                 cstackBANK0  0000A0
efgtoa@l                 cstackBANK0  00009C
efgtoa@m                 cstackBANK0  00008A
efgtoa@mode              cstackBANK0  000097
efgtoa@n                 cstackBANK0  0000A8
efgtoa@ne                cstackBANK0  00008C
efgtoa@nmode             cstackBANK0  000094
efgtoa@ou                cstackBANK0  000076
efgtoa@p                 cstackBANK0  000092
efgtoa@pp                cstackBANK0  000088
efgtoa@sign              cstackBANK0  000090
efgtoa@t                 cstackBANK0  000086
efgtoa@u                 cstackBANK0  0000AA
efgtoa@w                 cstackBANK0  000095
end_of_initialization    cinit        0034F6
floorf@F524              bssBANK1     00010A
floorf@e                 cstackBANK0  000064
floorf@m                 cstackBANK0  000060
floorf@u                 cstackBANK0  000066
floorf@x                 cstackCOMRAM 00004D
fputc@c                  cstackCOMRAM 000001
fputc@fp                 cstackCOMRAM 000003
fputs@c                  cstackCOMRAM 00000E
fputs@fp                 cstackCOMRAM 00000C
fputs@i                  cstackCOMRAM 00000F
fputs@s                  cstackCOMRAM 00000A
int$flags                temp         00005F
int_func                 intcode_body 003588
intlevel0                text         000000
intlevel1                text         000000
intlevel2                text         000000
intlevel3                text         000000
isdigit@c                cstackCOMRAM 000001
isspace@c                cstackCOMRAM 000001
isupper@c                cstackCOMRAM 000001
nanf@s                   cstackCOMRAM 000001
nanf@u                   cstackCOMRAM 000005
pad@buf                  cstackCOMRAM 000013
pad@fp                   cstackCOMRAM 000011
pad@i                    cstackCOMRAM 000018
pad@p                    cstackCOMRAM 000015
pad@w                    cstackCOMRAM 00001A
sprintf@ap               cstackBANK0  0000D8
sprintf@f                cstackBANK0  0000DA
sprintf@fmt              cstackBANK0  0000D0
sprintf@s                cstackBANK0  0000CE
sqrtf@__xc8_float_word   cstackBANK0  000075
sqrtf@i                  cstackBANK0  000071
sqrtf@ix                 cstackBANK0  00008D
sqrtf@m                  cstackBANK0  000085
sqrtf@q                  cstackBANK0  000079
sqrtf@r                  cstackBANK0  000089
sqrtf@s                  cstackBANK0  00006D
sqrtf@t                  cstackBANK0  00007D
sqrtf@x                  cstackBANK0  000060
sqrtf@z                  cstackBANK0  000081
stackhi                  (abs)        0007FF
stacklo                  (abs)        000170
start                    init         00000E
start_initialization     cinit        0034DE
strcpy@d                 cstackCOMRAM 000009
strcpy@dest              cstackCOMRAM 000001
strcpy@s                 cstackCOMRAM 000007
strcpy@src               cstackCOMRAM 000003
strlen@a                 cstackCOMRAM 000003
strlen@s                 cstackCOMRAM 000001
strncmp@_l               cstackCOMRAM 000001
strncmp@_r               cstackCOMRAM 000003
strncmp@l                cstackCOMRAM 000008
strncmp@n                cstackCOMRAM 000005
strncmp@r                cstackCOMRAM 00000A
tolower@c                cstackCOMRAM 000007
ttemp5                   temp         000060
ttemp6                   temp         000063
ttemp7                   temp         000067
vfpfcnvrt@ap             cstackBANK0  0000B2
vfpfcnvrt@c              cstackBANK0  0000C5
vfpfcnvrt@ct             cstackBANK0  0000C2
vfpfcnvrt@done           cstackBANK0  0000B8
vfpfcnvrt@f              cstackBANK0  0000BE
vfpfcnvrt@fmt            cstackBANK0  0000B0
vfpfcnvrt@fp             cstackBANK0  0000AE
vfprintf@ap              cstackBANK0  0000CA
vfprintf@cfmt            cstackBANK0  0000CC
vfprintf@fmt             cstackBANK0  0000C8
vfprintf@fp              cstackBANK0  0000C6
wtemp8                   temp         000060


FUNCTION INFORMATION:

 *************** function _main *****************
 Defined at:
		line 42 in file "main.c"
 Parameters:    Size  Location     Type
		None
 Auto vars:     Size  Location     Type
		None
 Return value:  Size  Location     Type
                  2   90[None  ] int 
 Registers used:
		wreg, fsr1l, fsr1h, fsr2l, fsr2h, status,2, status,0, tblptrl, tblptrh, tblptru, prodl, prodh, cstack
 Tracked objects:
		On entry : 
		On exit  : 
		Unchanged: 
 Data sizes:     COMRAM   BANK0   BANK1   BANK2   BANK3   BANK4   BANK5   BANK6   BANK7
      Params:         0       0       0       0       0       0       0       0       0
      Locals:         0       4       0       0       0       0       0       0       0
      Temps:          0       1       0       0       0       0       0       0       0
      Totals:         0       5       0       0       0       0       0       0       0
Total ram usage:        5 bytes
 Hardware stack levels required when called:    9
 This function calls:
		_ADC_Init
		_ADC_Read
		_LCD_Clear
		_LCD_Init
		_LCD_String_xy
		_TIMER1_Start
		___awdiv
		___fladd
		___fldiv
		___flge
		___flmul
		___fltol
		___xxtofl
		_sprintf
		_sqrtf
 This function is called by:
		Startup code after reset
 This function uses a non-reentrant model


 *************** function _sqrtf *****************
 Defined at:
		line 24 in file "/opt/microchip/xc8/v2.05/pic/sources/c99/common/sqrtf.c"
 Parameters:    Size  Location     Type
  x               4    0[BANK0 ] float 
 Auto vars:     Size  Location     Type
  ix              4   45[BANK0 ] long 
  r               4   41[BANK0 ] unsigned long 
  m               4   37[BANK0 ] long 
  z               4   33[BANK0 ] float 
  t               4   29[BANK0 ] long 
  q               4   25[BANK0 ] long 
  __xc8_float_    4   21[BANK0 ] struct .
  i               4   17[BANK0 ] long 
  s               4   13[BANK0 ] long 
  sign            4    0        long 
 Return value:  Size  Location     Type
                  4    0[BANK0 ] float 
 Registers used:
		wreg, status,2, status,0, prodl, prodh, cstack
 Tracked objects:
		On entry : 
		On exit  : 
		Unchanged: 
 Data sizes:     COMRAM   BANK0   BANK1   BANK2   BANK3   BANK4   BANK5   BANK6   BANK7
      Params:         0       4       0       0       0       0       0       0       0
      Locals:         0      40       0       0       0       0       0       0       0
      Temps:          0       5       0       0       0       0       0       0       0
      Totals:         0      49       0       0       0       0       0       0       0
Total ram usage:       49 bytes
 Hardware stack levels used:    1
 Hardware stack levels required when called:    2
 This function calls:
		___fladd
		___flge
		___flmul
		_nanf
 This function is called by:
		_main
 This function uses a non-reentrant model


 *************** function _nanf *****************
 Defined at:
		line 4 in file "/opt/microchip/xc8/v2.05/pic/sources/c99/common/nanf.c"
 Parameters:    Size  Location     Type
  s               2    0[COMRAM] PTR const unsigned char 
		 -> STR_17(1), 
 Auto vars:     Size  Location     Type
  u               4    4[COMRAM] struct .
 Return value:  Size  Location     Type
                  4    0[COMRAM] float 
 Registers used:
		wreg, status,2
 Tracked objects:
		On entry : 
		On exit  : 
		Unchanged: 
 Data sizes:     COMRAM   BANK0   BANK1   BANK2   BANK3   BANK4   BANK5   BANK6   BANK7
      Params:         4       0       0       0       0       0       0       0       0
      Locals:         4       0       0       0       0       0       0       0       0
      Temps:          0       0       0       0       0       0       0       0       0
      Totals:         8       0       0       0       0       0       0       0       0
Total ram usage:        8 bytes
 Hardware stack levels used:    1
 Hardware stack levels required when called:    1
 This function calls:
		Nothing
 This function is called by:
		_sqrtf
 This function uses a non-reentrant model


 *************** function _sprintf *****************
 Defined at:
		line 9 in file "/opt/microchip/xc8/v2.05/pic/sources/c99/common/nf_sprintf.c"
 Parameters:    Size  Location     Type
  s               2  110[BANK0 ] PTR unsigned char 
		 -> current_str(10), 
  fmt             2  112[BANK0 ] PTR const unsigned char 
		 -> STR_3(14), STR_2(12), STR_1(13), 
 Auto vars:     Size  Location     Type
  f               6  122[BANK0 ] struct _IO_FILE
  ap              2  120[BANK0 ] PTR void [1]
		 -> ?_sprintf(2), 
  ret             2    0        int 
 Return value:  Size  Location     Type
                  2  110[BANK0 ] int 
 Registers used:
		wreg, fsr1l, fsr1h, fsr2l, fsr2h, status,2, status,0, tblptrl, tblptrh, tblptru, prodl, prodh, cstack
 Tracked objects:
		On entry : 
		On exit  : 
		Unchanged: 
 Data sizes:     COMRAM   BANK0   BANK1   BANK2   BANK3   BANK4   BANK5   BANK6   BANK7
      Params:         0       8       0       0       0       0       0       0       0
      Locals:         0      10       0       0       0       0       0       0       0
      Temps:          0       0       0       0       0       0       0       0       0
      Totals:         0      18       0       0       0       0       0       0       0
Total ram usage:       18 bytes
 Hardware stack levels used:    1
 Hardware stack levels required when called:    8
 This function calls:
		_vfprintf
 This function is called by:
		_main
 This function uses a non-reentrant model


 *************** function _vfprintf *****************
 Defined at:
		line 1368 in file "/opt/microchip/xc8/v2.05/pic/sources/c99/common/doprnt.c"
 Parameters:    Size  Location     Type
  fp              2  102[BANK0 ] PTR struct _IO_FILE
		 -> sprintf@f(6), 
  fmt             2  104[BANK0 ] PTR const unsigned char 
		 -> STR_3(14), STR_2(12), STR_1(13), 
  ap              2  106[BANK0 ] PTR PTR void 
		 -> sprintf@ap(2), 
 Auto vars:     Size  Location     Type
  cfmt            2  108[BANK0 ] PTR unsigned char 
		 -> STR_3(14), STR_2(12), STR_1(13), 
 Return value:  Size  Location     Type
                  2  102[BANK0 ] int 
 Registers used:
		wreg, fsr1l, fsr1h, fsr2l, fsr2h, status,2, status,0, tblptrl, tblptrh, tblptru, prodl, prodh, cstack
 Tracked objects:
		On entry : 
		On exit  : 
		Unchanged: 
 Data sizes:     COMRAM   BANK0   BANK1   BANK2   BANK3   BANK4   BANK5   BANK6   BANK7
      Params:         0       6       0       0       0       0       0       0       0
      Locals:         0       2       0       0       0       0       0       0       0
      Temps:          0       0       0       0       0       0       0       0       0
      Totals:         0       8       0       0       0       0       0       0       0
Total ram usage:        8 bytes
 Hardware stack levels used:    1
 Hardware stack levels required when called:    7
 This function calls:
		_vfpfcnvrt
 This function is called by:
		_sprintf
 This function uses a non-reentrant model


 *************** function _vfpfcnvrt *****************
 Defined at:
		line 670 in file "/opt/microchip/xc8/v2.05/pic/sources/c99/common/doprnt.c"
 Parameters:    Size  Location     Type
  fp              2   78[BANK0 ] PTR struct _IO_FILE
		 -> sprintf@f(6), 
  fmt             2   80[BANK0 ] PTR PTR unsigned char 
		 -> vfprintf@cfmt(2), 
  ap              2   82[BANK0 ] PTR PTR void 
		 -> sprintf@ap(2), 
 Auto vars:     Size  Location     Type
  llu             8    0        unsigned long long 
  ll              8    0        long long 
  f               4   94[BANK0 ] long long 
  ct              3   98[BANK0 ] unsigned char [3]
  vp              3    0        PTR void 
  cp              3    0        PTR unsigned char 
  done            2   88[BANK0 ] int 
  i               2    0        int 
  c               1  101[BANK0 ] unsigned char 
 Return value:  Size  Location     Type
                  2   78[BANK0 ] int 
 Registers used:
		wreg, fsr1l, fsr1h, fsr2l, fsr2h, status,2, status,0, tblptrl, tblptrh, tblptru, prodl, prodh, cstack
 Tracked objects:
		On entry : 
		On exit  : 
		Unchanged: 
 Data sizes:     COMRAM   BANK0   BANK1   BANK2   BANK3   BANK4   BANK5   BANK6   BANK7
      Params:         0       6       0       0       0       0       0       0       0
      Locals:         0      14       0       0       0       0       0       0       0
      Temps:          0       4       0       0       0       0       0       0       0
      Totals:         0      24       0       0       0       0       0       0       0
Total ram usage:       24 bytes
 Hardware stack levels used:    1
 Hardware stack levels required when called:    6
 This function calls:
		_atoi
		_efgtoa
		_fputc
		_isdigit
		_isupper
		_strncmp
		_tolower
 This function is called by:
		_vfprintf
 This function uses a non-reentrant model


 *************** function _strncmp *****************
 Defined at:
		line 3 in file "/opt/microchip/xc8/v2.05/pic/sources/c99/common/strncmp.c"
 Parameters:    Size  Location     Type
  _l              2    0[COMRAM] PTR const unsigned char 
		 -> vfpfcnvrt@ct(3), 
  _r              2    2[COMRAM] PTR const unsigned char 
		 -> STR_14(3), 
  n               2    4[COMRAM] unsigned int 
 Auto vars:     Size  Location     Type
  r               2    9[COMRAM] PTR const unsigned char 
		 -> STR_14(3), 
  l               2    7[COMRAM] PTR const unsigned char 
		 -> vfpfcnvrt@ct(3), 
 Return value:  Size  Location     Type
                  2    0[COMRAM] int 
 Registers used:
		wreg, fsr2l, fsr2h, status,2, status,0, tblptrl, tblptrh, tblptru
 Tracked objects:
		On entry : 
		On exit  : 
		Unchanged: 
 Data sizes:     COMRAM   BANK0   BANK1   BANK2   BANK3   BANK4   BANK5   BANK6   BANK7
      Params:         6       0       0       0       0       0       0       0       0
      Locals:         4       0       0       0       0       0       0       0       0
      Temps:          1       0       0       0       0       0       0       0       0
      Totals:        11       0       0       0       0       0       0       0       0
Total ram usage:       11 bytes
 Hardware stack levels used:    1
 Hardware stack levels required when called:    1
 This function calls:
		Nothing
 This function is called by:
		_vfpfcnvrt
 This function uses a non-reentrant model


 *************** function _efgtoa *****************
 Defined at:
		line 319 in file "/opt/microchip/xc8/v2.05/pic/sources/c99/common/doprnt.c"
 Parameters:    Size  Location     Type
  fp              2   10[BANK0 ] PTR struct _IO_FILE
		 -> sprintf@f(6), 
  f               4   12[BANK0 ] PTR struct _IO_FILE
  c               1   16[BANK0 ] unsigned char 
 Auto vars:     Size  Location     Type
  u               4   74[BANK0 ] unsigned char 
  g               4   66[BANK0 ] unsigned char 
  l               4   60[BANK0 ] unsigned char 
  h               4   56[BANK0 ] unsigned char 
  ou              4   22[BANK0 ] unsigned char 
  n               2   72[BANK0 ] int 
  e               2   70[BANK0 ] int 
  i               2   64[BANK0 ] int 
  w               2   53[BANK0 ] int 
  p               2   50[BANK0 ] int 
  sign            2   48[BANK0 ] int 
  d               2   46[BANK0 ] int 
  ne              2   44[BANK0 ] int 
  m               2   42[BANK0 ] int 
  pp              2   40[BANK0 ] int 
  t               2   38[BANK0 ] int 
  mode            1   55[BANK0 ] unsigned char 
  nmode           1   52[BANK0 ] unsigned char 
 Return value:  Size  Location     Type
                  2   10[BANK0 ] int 
 Registers used:
		wreg, fsr1l, fsr1h, fsr2l, fsr2h, status,2, status,0, tblptrl, tblptrh, tblptru, prodl, prodh, cstack
 Tracked objects:
		On entry : 
		On exit  : 
		Unchanged: 
 Data sizes:     COMRAM   BANK0   BANK1   BANK2   BANK3   BANK4   BANK5   BANK6   BANK7
      Params:         0       7       0       0       0       0       0       0       0
      Locals:         0      56       0       0       0       0       0       0       0
      Temps:          0       5       0       0       0       0       0       0       0
      Totals:         0      68       0       0       0       0       0       0       0
Total ram usage:       68 bytes
 Hardware stack levels used:    1
 Hardware stack levels required when called:    5
 This function calls:
		___awdiv
		___awmod
		___fladd
		___fldiv
		___fleq
		___flge
		___flmul
		___flneg
		___flsub
		___fltol
		___fpclassifyf
		_floorf
		_isupper
		_pad
		_strcpy
		_tolower
 This function is called by:
		_vfpfcnvrt
 This function uses a non-reentrant model


 *************** function _tolower *****************
 Defined at:
		line 4 in file "/opt/microchip/xc8/v2.05/pic/sources/c99/common/tolower.c"
 Parameters:    Size  Location     Type
  c               2    6[COMRAM] int 
 Auto vars:     Size  Location     Type
		None
 Return value:  Size  Location     Type
                  2    6[COMRAM] int 
 Registers used:
		wreg, status,2, status,0
 Tracked objects:
		On entry : 
		On exit  : 
		Unchanged: 
 Data sizes:     COMRAM   BANK0   BANK1   BANK2   BANK3   BANK4   BANK5   BANK6   BANK7
      Params:         2       0       0       0       0       0       0       0       0
      Locals:         2       0       0       0       0       0       0       0       0
      Temps:          4       0       0       0       0       0       0       0       0
      Totals:         8       0       0       0       0       0       0       0       0
Total ram usage:        8 bytes
 Hardware stack levels used:    1
 Hardware stack levels required when called:    2
 This function calls:
		_isupper
 This function is called by:
		_efgtoa
		_vfpfcnvrt
 This function uses a non-reentrant model


 *************** function _isupper *****************
 Defined at:
		line 5 in file "/opt/microchip/xc8/v2.05/pic/sources/c99/common/isupper.c"
 Parameters:    Size  Location     Type
  c               2    0[COMRAM] int 
 Auto vars:     Size  Location     Type
		None
 Return value:  Size  Location     Type
                  2    0[COMRAM] int 
 Registers used:
		wreg, status,2, status,0
 Tracked objects:
		On entry : 
		On exit  : 
		Unchanged: 
 Data sizes:     COMRAM   BANK0   BANK1   BANK2   BANK3   BANK4   BANK5   BANK6   BANK7
      Params:         2       0       0       0       0       0       0       0       0
      Locals:         0       0       0       0       0       0       0       0       0
      Temps:          4       0       0       0       0       0       0       0       0
      Totals:         6       0       0       0       0       0       0       0       0
Total ram usage:        6 bytes
 Hardware stack levels used:    1
 Hardware stack levels required when called:    1
 This function calls:
		Nothing
 This function is called by:
		_efgtoa
		_vfpfcnvrt
		_tolower
 This function uses a non-reentrant model


 *************** function _strcpy *****************
 Defined at:
		line 7 in file "/opt/microchip/xc8/v2.05/pic/sources/c99/common/strcpy.c"
 Parameters:    Size  Location     Type
  dest            2    0[COMRAM] PTR unsigned char 
		 -> dbuf(80), 
  src             2    2[COMRAM] PTR const unsigned char 
		 -> STR_9(4), STR_8(4), STR_5(4), STR_4(4), 
		 -> dbuf(80), 
 Auto vars:     Size  Location     Type
  d               2    8[COMRAM] PTR unsigned char 
		 -> dbuf(80), 
  s               2    6[COMRAM] PTR const unsigned char 
		 -> STR_9(4), STR_8(4), STR_5(4), STR_4(4), 
		 -> dbuf(80), 
 Return value:  Size  Location     Type
                  2    0[COMRAM] PTR unsigned char 
 Registers used:
		wreg, fsr1l, fsr1h, fsr2l, fsr2h, status,2, status,0, tblptrl, tblptrh, tblptru
 Tracked objects:
		On entry : 
		On exit  : 
		Unchanged: 
 Data sizes:     COMRAM   BANK0   BANK1   BANK2   BANK3   BANK4   BANK5   BANK6   BANK7
      Params:         4       0       0       0       0       0       0       0       0
      Locals:         4       0       0       0       0       0       0       0       0
      Temps:          2       0       0       0       0       0       0       0       0
      Totals:        10       0       0       0       0       0       0       0       0
Total ram usage:       10 bytes
 Hardware stack levels used:    1
 Hardware stack levels required when called:    1
 This function calls:
		Nothing
 This function is called by:
		_efgtoa
 This function uses a non-reentrant model


 *************** function _pad *****************
 Defined at:
		line 72 in file "/opt/microchip/xc8/v2.05/pic/sources/c99/common/doprnt.c"
 Parameters:    Size  Location     Type
  fp              2   16[COMRAM] PTR struct _IO_FILE
		 -> sprintf@f(6), 
  buf             2   18[COMRAM] PTR unsigned char 
		 -> dbuf(80), 
  p               2   20[COMRAM] int 
 Auto vars:     Size  Location     Type
  w               2   25[COMRAM] int 
  i               2   23[COMRAM] int 
 Return value:  Size  Location     Type
                  2   16[COMRAM] int 
 Registers used:
		wreg, fsr1l, fsr1h, fsr2l, fsr2h, status,2, status,0, cstack
 Tracked objects:
		On entry : 
		On exit  : 
		Unchanged: 
 Data sizes:     COMRAM   BANK0   BANK1   BANK2   BANK3   BANK4   BANK5   BANK6   BANK7
      Params:         6       0       0       0       0       0       0       0       0
      Locals:         4       0       0       0       0       0       0       0       0
      Temps:          1       0       0       0       0       0       0       0       0
      Totals:        11       0       0       0       0       0       0       0       0
Total ram usage:       11 bytes
 Hardware stack levels used:    1
 Hardware stack levels required when called:    4
 This function calls:
		_fputc
		_fputs
		_strlen
 This function is called by:
		_efgtoa
 This function uses a non-reentrant model


 *************** function _strlen *****************
 Defined at:
		line 12 in file "/opt/microchip/xc8/v2.05/pic/sources/c99/common/strlen.c"
 Parameters:    Size  Location     Type
  s               2    0[COMRAM] PTR const unsigned char 
		 -> dbuf(80), 
 Auto vars:     Size  Location     Type
  a               2    2[COMRAM] PTR const unsigned char 
		 -> dbuf(80), 
 Return value:  Size  Location     Type
                  2    0[COMRAM] unsigned int 
 Registers used:
		wreg, fsr2l, fsr2h, status,2, status,0
 Tracked objects:
		On entry : 
		On exit  : 
		Unchanged: 
 Data sizes:     COMRAM   BANK0   BANK1   BANK2   BANK3   BANK4   BANK5   BANK6   BANK7
      Params:         2       0       0       0       0       0       0       0       0
      Locals:         2       0       0       0       0       0       0       0       0
      Temps:          0       0       0       0       0       0       0       0       0
      Totals:         4       0       0       0       0       0       0       0       0
Total ram usage:        4 bytes
 Hardware stack levels used:    1
 Hardware stack levels required when called:    1
 This function calls:
		Nothing
 This function is called by:
		_pad
 This function uses a non-reentrant model


 *************** function _fputs *****************
 Defined at:
		line 8 in file "/opt/microchip/xc8/v2.05/pic/sources/c99/common/nf_fputs.c"
 Parameters:    Size  Location     Type
  s               2    9[COMRAM] PTR const unsigned char 
		 -> dbuf(80), 
  fp              2   11[COMRAM] PTR struct _IO_FILE
		 -> sprintf@f(6), 
 Auto vars:     Size  Location     Type
  i               2   14[COMRAM] int 
  c               1   13[COMRAM] unsigned char 
 Return value:  Size  Location     Type
                  2    9[COMRAM] int 
 Registers used:
		wreg, fsr1l, fsr1h, fsr2l, fsr2h, status,2, status,0, cstack
 Tracked objects:
		On entry : 
		On exit  : 
		Unchanged: 
 Data sizes:     COMRAM   BANK0   BANK1   BANK2   BANK3   BANK4   BANK5   BANK6   BANK7
      Params:         4       0       0       0       0       0       0       0       0
      Locals:         3       0       0       0       0       0       0       0       0
      Temps:          0       0       0       0       0       0       0       0       0
      Totals:         7       0       0       0       0       0       0       0       0
Total ram usage:        7 bytes
 Hardware stack levels used:    1
 Hardware stack levels required when called:    3
 This function calls:
		_fputc
 This function is called by:
		_pad
 This function uses a non-reentrant model


 *************** function _fputc *****************
 Defined at:
		line 8 in file "/opt/microchip/xc8/v2.05/pic/sources/c99/common/nf_fputc.c"
 Parameters:    Size  Location     Type
  c               2    0[COMRAM] int 
  fp              2    2[COMRAM] PTR struct _IO_FILE
		 -> sprintf@f(6), 
 Auto vars:     Size  Location     Type
		None
 Return value:  Size  Location     Type
                  2    0[COMRAM] int 
 Registers used:
		wreg, fsr1l, fsr1h, fsr2l, fsr2h, status,2, status,0, cstack
 Tracked objects:
		On entry : 
		On exit  : 
		Unchanged: 
 Data sizes:     COMRAM   BANK0   BANK1   BANK2   BANK3   BANK4   BANK5   BANK6   BANK7
      Params:         4       0       0       0       0       0       0       0       0
      Locals:         0       0       0       0       0       0       0       0       0
      Temps:          5       0       0       0       0       0       0       0       0
      Totals:         9       0       0       0       0       0       0       0       0
Total ram usage:        9 bytes
 Hardware stack levels used:    1
 Hardware stack levels required when called:    2
 This function calls:
		_putch
 This function is called by:
		_pad
		_vfpfcnvrt
		_fputs
 This function uses a non-reentrant model


 *************** function _putch *****************
 Defined at:
		line 7 in file "/opt/microchip/xc8/v2.05/pic/sources/c99/common/putch.c"
 Parameters:    Size  Location     Type
  c               1    wreg     unsigned char 
 Auto vars:     Size  Location     Type
  c               1    0[COMRAM] unsigned char 
 Return value:  Size  Location     Type
                  1    wreg      void 
 Registers used:
		wreg
 Tracked objects:
		On entry : 
		On exit  : 
		Unchanged: 
 Data sizes:     COMRAM   BANK0   BANK1   BANK2   BANK3   BANK4   BANK5   BANK6   BANK7
      Params:         0       0       0       0       0       0       0       0       0
      Locals:         0       0       0       0       0       0       0       0       0
      Temps:          0       0       0       0       0       0       0       0       0
      Totals:         0       0       0       0       0       0       0       0       0
Total ram usage:        0 bytes
 Hardware stack levels used:    1
 Hardware stack levels required when called:    1
 This function calls:
		Nothing
 This function is called by:
		_fputc
 This function uses a non-reentrant model


 *************** function _floorf *****************
 Defined at:
		line 3 in file "/opt/microchip/xc8/v2.05/pic/sources/c99/common/floorf.c"
 Parameters:    Size  Location     Type
  x               4   76[COMRAM] float 
 Auto vars:     Size  Location     Type
  u               4    6[BANK0 ] struct .
  m               4    0[BANK0 ] unsigned long 
  e               2    4[BANK0 ] int 
 Return value:  Size  Location     Type
                  4   76[COMRAM] float 
 Registers used:
		wreg, status,2, status,0
 Tracked objects:
		On entry : 
		On exit  : 
		Unchanged: 
 Data sizes:     COMRAM   BANK0   BANK1   BANK2   BANK3   BANK4   BANK5   BANK6   BANK7
      Params:         4       0       0       0       0       0       0       0       0
      Locals:         0      10       0       0       0       0       0       0       0
      Temps:          6       0       0       0       0       0       0       0       0
      Totals:        10      10       0       0       0       0       0       0       0
Total ram usage:       20 bytes
 Hardware stack levels used:    1
 Hardware stack levels required when called:    1
 This function calls:
		Nothing
 This function is called by:
		_efgtoa
 This function uses a non-reentrant model


 *************** function ___fpclassifyf *****************
 Defined at:
		line 4 in file "/opt/microchip/xc8/v2.05/pic/sources/c99/common/__fpclassifyf.c"
 Parameters:    Size  Location     Type
  x               4    0[COMRAM] float 
 Auto vars:     Size  Location     Type
  u               4   10[COMRAM] struct .
  e               2    8[COMRAM] int 
 Return value:  Size  Location     Type
                  2    0[COMRAM] int 
 Registers used:
		wreg, status,2, status,0
 Tracked objects:
		On entry : 
		On exit  : 
		Unchanged: 
 Data sizes:     COMRAM   BANK0   BANK1   BANK2   BANK3   BANK4   BANK5   BANK6   BANK7
      Params:         4       0       0       0       0       0       0       0       0
      Locals:         6       0       0       0       0       0       0       0       0
      Temps:          4       0       0       0       0       0       0       0       0
      Totals:        14       0       0       0       0       0       0       0       0
Total ram usage:       14 bytes
 Hardware stack levels used:    1
 Hardware stack levels required when called:    1
 This function calls:
		Nothing
 This function is called by:
		_efgtoa
 This function uses a non-reentrant model


 *************** function ___fltol *****************
 Defined at:
		line 43 in file "/opt/microchip/xc8/v2.05/pic/sources/c99/common/fltol.c"
 Parameters:    Size  Location     Type
  f1              4    0[BANK0 ] int 
 Auto vars:     Size  Location     Type
  exp1            1   93[COMRAM] unsigned char 
  sign1           1   92[COMRAM] unsigned char 
 Return value:  Size  Location     Type
                  4    0[BANK0 ] long 
 Registers used:
		wreg, status,2, status,0
 Tracked objects:
		On entry : 
		On exit  : 
		Unchanged: 
 Data sizes:     COMRAM   BANK0   BANK1   BANK2   BANK3   BANK4   BANK5   BANK6   BANK7
      Params:         0       4       0       0       0       0       0       0       0
      Locals:         2       0       0       0       0       0       0       0       0
      Temps:          0       4       0       0       0       0       0       0       0
      Totals:         2       8       0       0       0       0       0       0       0
Total ram usage:       10 bytes
 Hardware stack levels used:    1
 Hardware stack levels required when called:    1
 This function calls:
		Nothing
 This function is called by:
		_main
		_efgtoa
 This function uses a non-reentrant model


 *************** function ___flsub *****************
 Defined at:
		line 245 in file "/opt/microchip/xc8/v2.05/pic/sources/c99/common/sprcadd.c"
 Parameters:    Size  Location     Type
  b               4    0[BANK0 ] long 
  a               4    4[BANK0 ] long 
 Auto vars:     Size  Location     Type
		None
 Return value:  Size  Location     Type
                  4    0[BANK0 ] long 
 Registers used:
		wreg, status,2, status,0, cstack
 Tracked objects:
		On entry : 
		On exit  : 
		Unchanged: 
 Data sizes:     COMRAM   BANK0   BANK1   BANK2   BANK3   BANK4   BANK5   BANK6   BANK7
      Params:         0       8       0       0       0       0       0       0       0
      Locals:         0       0       0       0       0       0       0       0       0
      Temps:          0       0       0       0       0       0       0       0       0
      Totals:         0       8       0       0       0       0       0       0       0
Total ram usage:        8 bytes
 Hardware stack levels used:    1
 Hardware stack levels required when called:    2
 This function calls:
		___fladd
 This function is called by:
		_efgtoa
 This function uses a non-reentrant model


 *************** function ___fladd *****************
 Defined at:
		line 10 in file "/opt/microchip/xc8/v2.05/pic/sources/c99/common/sprcadd.c"
 Parameters:    Size  Location     Type
  b               4   76[COMRAM] long 
  a               4   80[COMRAM] long 
 Auto vars:     Size  Location     Type
  grs             1   91[COMRAM] unsigned char 
  bexp            1   90[COMRAM] unsigned char 
  aexp            1   89[COMRAM] unsigned char 
  signs           1   88[COMRAM] unsigned char 
 Return value:  Size  Location     Type
                  4   76[COMRAM] unsigned char 
 Registers used:
		wreg, status,2, status,0
 Tracked objects:
		On entry : 
		On exit  : 
		Unchanged: 
 Data sizes:     COMRAM   BANK0   BANK1   BANK2   BANK3   BANK4   BANK5   BANK6   BANK7
      Params:         8       0       0       0       0       0       0       0       0
      Locals:         4       0       0       0       0       0       0       0       0
      Temps:          4       0       0       0       0       0       0       0       0
      Totals:        16       0       0       0       0       0       0       0       0
Total ram usage:       16 bytes
 Hardware stack levels used:    1
 Hardware stack levels required when called:    1
 This function calls:
		Nothing
 This function is called by:
		_main
		_efgtoa
		___flsub
		_sqrtf
 This function uses a non-reentrant model


 *************** function ___flneg *****************
 Defined at:
		line 15 in file "/opt/microchip/xc8/v2.05/pic/sources/c99/common/flneg.c"
 Parameters:    Size  Location     Type
  f1              4    0[COMRAM] unsigned char 
 Auto vars:     Size  Location     Type
		None
 Return value:  Size  Location     Type
                  4    0[COMRAM] unsigned char 
 Registers used:
		wreg, status,2, status,0
 Tracked objects:
		On entry : 
		On exit  : 
		Unchanged: 
 Data sizes:     COMRAM   BANK0   BANK1   BANK2   BANK3   BANK4   BANK5   BANK6   BANK7
      Params:         4       0       0       0       0       0       0       0       0
      Locals:         0       0       0       0       0       0       0       0       0
      Temps:          0       0       0       0       0       0       0       0       0
      Totals:         4       0       0       0       0       0       0       0       0
Total ram usage:        4 bytes
 Hardware stack levels used:    1
 Hardware stack levels required when called:    1
 This function calls:
		Nothing
 This function is called by:
		_efgtoa
 This function uses a non-reentrant model


 *************** function ___flmul *****************
 Defined at:
		line 8 in file "/opt/microchip/xc8/v2.05/pic/sources/c99/common/sprcmul.c"
 Parameters:    Size  Location     Type
  b               4   14[COMRAM] unsigned char 
  a               4   18[COMRAM] unsigned char 
 Auto vars:     Size  Location     Type
  prod            4   33[COMRAM] struct .
  grs             4   27[COMRAM] unsigned long 
  temp            2   37[COMRAM] struct .
  bexp            1   32[COMRAM] unsigned char 
  aexp            1   31[COMRAM] unsigned char 
  sign            1   26[COMRAM] unsigned char 
 Return value:  Size  Location     Type
                  4   14[COMRAM] unsigned char 
 Registers used:
		wreg, status,2, status,0, prodl, prodh
 Tracked objects:
		On entry : 
		On exit  : 
		Unchanged: 
 Data sizes:     COMRAM   BANK0   BANK1   BANK2   BANK3   BANK4   BANK5   BANK6   BANK7
      Params:         8       0       0       0       0       0       0       0       0
      Locals:        13       0       0       0       0       0       0       0       0
      Temps:          4       0       0       0       0       0       0       0       0
      Totals:        25       0       0       0       0       0       0       0       0
Total ram usage:       25 bytes
 Hardware stack levels used:    1
 Hardware stack levels required when called:    1
 This function calls:
		Nothing
 This function is called by:
		_main
		_efgtoa
		_sqrtf
 This function uses a non-reentrant model


 *************** function ___flge *****************
 Defined at:
		line 4 in file "/opt/microchip/xc8/v2.05/pic/sources/c99/common/flge.c"
 Parameters:    Size  Location     Type
  ff1             4   39[COMRAM] unsigned char 
  ff2             4   43[COMRAM] unsigned char 
 Auto vars:     Size  Location     Type
		None
 Return value:  Size  Location     Type
		None               void
 Registers used:
		wreg, status,2, status,0
 Tracked objects:
		On entry : 
		On exit  : 
		Unchanged: 
 Data sizes:     COMRAM   BANK0   BANK1   BANK2   BANK3   BANK4   BANK5   BANK6   BANK7
      Params:         8       0       0       0       0       0       0       0       0
      Locals:         0       0       0       0       0       0       0       0       0
      Temps:          4       0       0       0       0       0       0       0       0
      Totals:        12       0       0       0       0       0       0       0       0
Total ram usage:       12 bytes
 Hardware stack levels used:    1
 Hardware stack levels required when called:    1
 This function calls:
		Nothing
 This function is called by:
		_main
		_efgtoa
		_sqrtf
 This function uses a non-reentrant model


 *************** function ___fleq *****************
 Defined at:
		line 4 in file "/opt/microchip/xc8/v2.05/pic/sources/c99/common/fleq.c"
 Parameters:    Size  Location     Type
  ff1             4    0[COMRAM] unsigned char 
  ff2             4    4[COMRAM] unsigned char 
 Auto vars:     Size  Location     Type
		None
 Return value:  Size  Location     Type
		None               void
 Registers used:
		wreg, status,2, status,0
 Tracked objects:
		On entry : 
		On exit  : 
		Unchanged: 
 Data sizes:     COMRAM   BANK0   BANK1   BANK2   BANK3   BANK4   BANK5   BANK6   BANK7
      Params:         8       0       0       0       0       0       0       0       0
      Locals:         0       0       0       0       0       0       0       0       0
      Temps:          4       0       0       0       0       0       0       0       0
      Totals:        12       0       0       0       0       0       0       0       0
Total ram usage:       12 bytes
 Hardware stack levels used:    1
 Hardware stack levels required when called:    1
 This function calls:
		Nothing
 This function is called by:
		_efgtoa
 This function uses a non-reentrant model


 *************** function ___fldiv *****************
 Defined at:
		line 11 in file "/opt/microchip/xc8/v2.05/pic/sources/c99/common/sprcdiv.c"
 Parameters:    Size  Location     Type
  b               4   51[COMRAM] unsigned char 
  a               4   55[COMRAM] unsigned char 
 Auto vars:     Size  Location     Type
  grs             4   70[COMRAM] unsigned long 
  rem             4   63[COMRAM] unsigned long 
  new_exp         2   68[COMRAM] short 
[...]
 This function calls:
		Nothing
 This function is called by:
		_atoi
 This function uses a non-reentrant model


 *************** function ___xxtofl *****************
 Defined at:
		line 10 in file "/opt/microchip/xc8/v2.05/pic/sources/c99/common/xxtofl.c"
 Parameters:    Size  Location     Type
  sign            1    wreg     unsigned char 
  val             4    0[COMRAM] long 
 Auto vars:     Size  Location     Type
  sign            1    8[COMRAM] unsigned char 
  arg             4   10[COMRAM] unsigned long 
  exp             1    9[COMRAM] unsigned char 
 Return value:  Size  Location     Type
                  4    0[COMRAM] unsigned char 
 Registers used:
		wreg, status,2, status,0
 Tracked objects:
		On entry : 
		On exit  : 
		Unchanged: 
 Data sizes:     COMRAM   BANK0   BANK1   BANK2   BANK3   BANK4   BANK5   BANK6   BANK7
      Params:         4       0       0       0       0       0       0       0       0
      Locals:         6       0       0       0       0       0       0       0       0
      Temps:          4       0       0       0       0       0       0       0       0
      Totals:        14       0       0       0       0       0       0       0       0
Total ram usage:       14 bytes
 Hardware stack levels used:    1
 Hardware stack levels required when called:    1
 This function calls:
		Nothing
 This function is called by:
		_main
 This function uses a non-reentrant model


 *************** function _TIMER1_Start *****************
 Defined at:
		line 204 in file "main.c"
 Parameters:    Size  Location     Type
		None
 Auto vars:     Size  Location     Type
		None
 Return value:  Size  Location     Type
                  1    wreg      void 
 Registers used:
		wreg, status,2
 Tracked objects:
		On entry : 
		On exit  : 
		Unchanged: 
 Data sizes:     COMRAM   BANK0   BANK1   BANK2   BANK3   BANK4   BANK5   BANK6   BANK7
      Params:         0       0       0       0       0       0       0       0       0
      Locals:         0       0       0       0       0       0       0       0       0
      Temps:          0       0       0       0       0       0       0       0       0
      Totals:         0       0       0       0       0       0       0       0       0
Total ram usage:        0 bytes
 Hardware stack levels used:    1
 Hardware stack levels required when called:    1
 This function calls:
		Nothing
 This function is called by:
		_main
 This function uses a non-reentrant model


 *************** function _LCD_String_xy *****************
 Defined at:
		line 158 in file "main.c"
 Parameters:    Size  Location     Type
  row             1    wreg     unsigned char 
  pos             1   10[COMRAM] unsigned char 
  msg             2   11[COMRAM] PTR const unsigned char 
		 -> current_str(10), 
 Auto vars:     Size  Location     Type
  row             1   13[COMRAM] unsigned char 
  location        1   14[COMRAM] unsigned char 
 Return value:  Size  Location     Type
                  1    wreg      void 
 Registers used:
		wreg, fsr2l, fsr2h, status,2, status,0, cstack
 Tracked objects:
		On entry : 
		On exit  : 
		Unchanged: 
 Data sizes:     COMRAM   BANK0   BANK1   BANK2   BANK3   BANK4   BANK5   BANK6   BANK7
      Params:         3       0       0       0       0       0       0       0       0
      Locals:         2       0       0       0       0       0       0       0       0
      Temps:          0       0       0       0       0       0       0       0       0
      Totals:         5       0       0       0       0       0       0       0       0
Total ram usage:        5 bytes
 Hardware stack levels used:    1
 Hardware stack levels required when called:    4
 This function calls:
		_LCD_Command
		_LCD_String
 This function is called by:
		_main
 This function uses a non-reentrant model


 *************** function _LCD_String *****************
 Defined at:
		line 149 in file "main.c"
 Parameters:    Size  Location     Type
  msg             2    8[COMRAM] PTR const unsigned char 
		 -> current_str(10), 
 Auto vars:     Size  Location     Type
		None
 Return value:  Size  Location     Type
                  1    wreg      void 
 Registers used:
		wreg, fsr2l, fsr2h, status,2, status,0, cstack
 Tracked objects:
		On entry : 
		On exit  : 
		Unchanged: 
 Data sizes:     COMRAM   BANK0   BANK1   BANK2   BANK3   BANK4   BANK5   BANK6   BANK7
      Params:         2       0       0       0       0       0       0       0       0
      Locals:         0       0       0       0       0       0       0       0       0
      Temps:          0       0       0       0       0       0       0       0       0
      Totals:         2       0       0       0       0       0       0       0       0
Total ram usage:        2 bytes
 Hardware stack levels used:    1
 Hardware stack levels required when called:    3
 This function calls:
		_LCD_Char
 This function is called by:
		_LCD_String_xy
 This function uses a non-reentrant model


 *************** function _LCD_Char *****************
 Defined at:
		line 135 in file "main.c"
 Parameters:    Size  Location     Type
  dat             1    wreg     unsigned char 
 Auto vars:     Size  Location     Type
  dat             1    7[COMRAM] unsigned char 
 Return value:  Size  Location     Type
                  1    wreg      void 
 Registers used:
		wreg, status,2, status,0, cstack
 Tracked objects:
		On entry : 
		On exit  : 
		Unchanged: 
 Data sizes:     COMRAM   BANK0   BANK1   BANK2   BANK3   BANK4   BANK5   BANK6   BANK7
      Params:         0       0       0       0       0       0       0       0       0
      Locals:         1       0       0       0       0       0       0       0       0
      Temps:          1       0       0       0       0       0       0       0       0
      Totals:         2       0       0       0       0       0       0       0       0
Total ram usage:        2 bytes
 Hardware stack levels used:    1
 Hardware stack levels required when called:    2
 This function calls:
		_MSdelay
 This function is called by:
		_LCD_String
 This function uses a non-reentrant model


 *************** function _LCD_Init *****************
 Defined at:
		line 106 in file "main.c"
 Parameters:    Size  Location     Type
		None
 Auto vars:     Size  Location     Type
		None
 Return value:  Size  Location     Type
                  1    wreg      void 
 Registers used:
		wreg, status,2, status,0, cstack
 Tracked objects:
		On entry : 
		On exit  : 
		Unchanged: 
 Data sizes:     COMRAM   BANK0   BANK1   BANK2   BANK3   BANK4   BANK5   BANK6   BANK7
      Params:         0       0       0       0       0       0       0       0       0
      Locals:         0       0       0       0       0       0       0       0       0
      Temps:          0       0       0       0       0       0       0       0       0
      Totals:         0       0       0       0       0       0       0       0       0
Total ram usage:        0 bytes
 Hardware stack levels used:    1
 Hardware stack levels required when called:    3
 This function calls:
		_LCD_Command
		_MSdelay
 This function is called by:
		_main
 This function uses a non-reentrant model


 *************** function _LCD_Clear *****************
 Defined at:
		line 176 in file "main.c"
 Parameters:    Size  Location     Type
		None
 Auto vars:     Size  Location     Type
		None
 Return value:  Size  Location     Type
                  1    wreg      void 
 Registers used:
		wreg, status,2, status,0, cstack
 Tracked objects:
		On entry : 
		On exit  : 
		Unchanged: 
 Data sizes:     COMRAM   BANK0   BANK1   BANK2   BANK3   BANK4   BANK5   BANK6   BANK7
      Params:         0       0       0       0       0       0       0       0       0
      Locals:         0       0       0       0       0       0       0       0       0
      Temps:          0       0       0       0       0       0       0       0       0
      Totals:         0       0       0       0       0       0       0       0       0
Total ram usage:        0 bytes
 Hardware stack levels used:    1
 Hardware stack levels required when called:    3
 This function calls:
		_LCD_Command
		_MSdelay
 This function is called by:
		_main
 This function uses a non-reentrant model


 *************** function _LCD_Command *****************
 Defined at:
		line 119 in file "main.c"
 Parameters:    Size  Location     Type
  cmd             1    wreg     unsigned char 
 Auto vars:     Size  Location     Type
  cmd             1    7[COMRAM] unsigned char 
 Return value:  Size  Location     Type
                  1    wreg      void 
 Registers used:
		wreg, status,2, status,0, cstack
 Tracked objects:
		On entry : 
		On exit  : 
		Unchanged: 
 Data sizes:     COMRAM   BANK0   BANK1   BANK2   BANK3   BANK4   BANK5   BANK6   BANK7
      Params:         0       0       0       0       0       0       0       0       0
      Locals:         1       0       0       0       0       0       0       0       0
      Temps:          1       0       0       0       0       0       0       0       0
      Totals:         2       0       0       0       0       0       0       0       0
Total ram usage:        2 bytes
 Hardware stack levels used:    1
 Hardware stack levels required when called:    2
 This function calls:
		_MSdelay
 This function is called by:
		_LCD_Init
		_LCD_String_xy
		_LCD_Clear
		_LCD_Shift_Right
 This function uses a non-reentrant model


 *************** function _MSdelay *****************
 Defined at:
		line 188 in file "main.c"
 Parameters:    Size  Location     Type
  val             2    0[COMRAM] unsigned int 
 Auto vars:     Size  Location     Type
  j               2    4[COMRAM] unsigned int 
  i               2    2[COMRAM] unsigned int 
 Return value:  Size  Location     Type
                  1    wreg      void 
 Registers used:
		wreg, status,2, status,0
 Tracked objects:
		On entry : 
		On exit  : 
		Unchanged: 
 Data sizes:     COMRAM   BANK0   BANK1   BANK2   BANK3   BANK4   BANK5   BANK6   BANK7
      Params:         2       0       0       0       0       0       0       0       0
      Locals:         4       0       0       0       0       0       0       0       0
      Temps:          0       0       0       0       0       0       0       0       0
      Totals:         6       0       0       0       0       0       0       0       0
Total ram usage:        6 bytes
 Hardware stack levels used:    1
 Hardware stack levels required when called:    1
 This function calls:
		Nothing
 This function is called by:
		_LCD_Init
		_LCD_Command
		_LCD_Char
		_LCD_Clear
		_LCD_Shift_Right
 This function uses a non-reentrant model


 *************** function _ADC_Read *****************
 Defined at:
		line 228 in file "main.c"
 Parameters:    Size  Location     Type
  channel         2    0[COMRAM] int 
 Auto vars:     Size  Location     Type
  digital         2    6[COMRAM] int 
 Return value:  Size  Location     Type
                  2    0[COMRAM] int 
 Registers used:
		wreg, status,2, status,0
 Tracked objects:
		On entry : 
		On exit  : 
		Unchanged: 
 Data sizes:     COMRAM   BANK0   BANK1   BANK2   BANK3   BANK4   BANK5   BANK6   BANK7
      Params:         2       0       0       0       0       0       0       0       0
      Locals:         2       0       0       0       0       0       0       0       0
      Temps:          4       0       0       0       0       0       0       0       0
      Totals:         8       0       0       0       0       0       0       0       0
Total ram usage:        8 bytes
 Hardware stack levels used:    1
 Hardware stack levels required when called:    1
 This function calls:
		Nothing
 This function is called by:
		_main
 This function uses a non-reentrant model


 *************** function _ADC_Init *****************
 Defined at:
		line 218 in file "main.c"
 Parameters:    Size  Location     Type
		None
 Auto vars:     Size  Location     Type
		None
 Return value:  Size  Location     Type
                  1    wreg      void 
 Registers used:
		wreg, status,2
 Tracked objects:
		On entry : 
		On exit  : 
		Unchanged: 
 Data sizes:     COMRAM   BANK0   BANK1   BANK2   BANK3   BANK4   BANK5   BANK6   BANK7
      Params:         0       0       0       0       0       0       0       0       0
      Locals:         0       0       0       0       0       0       0       0       0
      Temps:          0       0       0       0       0       0       0       0       0
      Totals:         0       0       0       0       0       0       0       0       0
Total ram usage:        0 bytes
 Hardware stack levels used:    1
 Hardware stack levels required when called:    1
 This function calls:
		Nothing
 This function is called by:
		_main
 This function uses a non-reentrant model


 *************** function _timer1_isr *****************
 Defined at:
		line 196 in file "main.c"
 Parameters:    Size  Location     Type
		None
 Auto vars:     Size  Location     Type
		None
 Return value:  Size  Location     Type
                  1    wreg      void 
 Registers used:
		wreg, status,2, status,0
 Tracked objects:
		On entry : 
		On exit  : 
		Unchanged: 
 Data sizes:     COMRAM   BANK0   BANK1   BANK2   BANK3   BANK4   BANK5   BANK6   BANK7
      Params:         0       0       0       0       0       0       0       0       0
      Locals:         0       0       0       0       0       0       0       0       0
      Temps:          0       0       0       0       0       0       0       0       0
      Totals:         0       0       0       0       0       0       0       0       0
Total ram usage:        0 bytes
 Hardware stack levels used:    1
 This function calls:
		Nothing
 This function is called by:
		Interrupt level 2
 This function uses a non-reentrant model



MODULE INFORMATION

Module		Function		Class		Link	Load	Size
/opt/microchip/xc8/v2.05/pic/sources/c99/common/strncmp.c
		_strncmp       		CODE           	2D1E	0000	163

/opt/microchip/xc8/v2.05/pic/sources/c99/common/strncmp.c estimated size: 163

/opt/microchip/xc8/v2.05/pic/sources/c99/common/tolower.c
		_tolower       		CODE           	31EC	0000	77

/opt/microchip/xc8/v2.05/pic/sources/c99/common/tolower.c estimated size: 77

/opt/microchip/xc8/v2.05/pic/sources/c99/common/flge.c
		___flge        		CODE           	2AC6	0000	209

/opt/microchip/xc8/v2.05/pic/sources/c99/common/flge.c estimated size: 209

/opt/microchip/xc8/v2.05/pic/sources/c99/common/flneg.c
		___flneg       		CODE           	3486	0000	47

/opt/microchip/xc8/v2.05/pic/sources/c99/common/flneg.c estimated size: 47

/opt/microchip/xc8/v2.05/pic/sources/c99/common/sprcmul.c
		___flmul       		CODE           	1DA6	0000	851

/opt/microchip/xc8/v2.05/pic/sources/c99/common/sprcmul.c estimated size: 851

/opt/microchip/xc8/v2.05/pic/sources/c99/common/Umul16.c
		___wmul        		CODE           	3504	0000	39

/opt/microchip/xc8/v2.05/pic/sources/c99/common/Umul16.c estimated size: 39

/opt/microchip/xc8/v2.05/pic/sources/c99/common/sprcdiv.c
		___fldiv       		CODE           	2404	0000	649

/opt/microchip/xc8/v2.05/pic/sources/c99/common/sprcdiv.c estimated size: 649

/opt/microchip/xc8/v2.05/pic/sources/c99/common/nf_fputc.c
		_fputc         		CODE           	2DC0	0000	161

/opt/microchip/xc8/v2.05/pic/sources/c99/common/nf_fputc.c estimated size: 161

/opt/microchip/xc8/v2.05/pic/sources/c99/common/nanf.c
		_nanf          		CODE           	354E	0000	35

/opt/microchip/xc8/v2.05/pic/sources/c99/common/nanf.c estimated size: 35

/opt/microchip/xc8/v2.05/pic/sources/c99/common/putch.c
		_putch         		CODE           	35C6	0000	3

/opt/microchip/xc8/v2.05/pic/sources/c99/common/putch.c estimated size: 3

/opt/microchip/xc8/v2.05/pic/sources/c99/common/isdigit.c
		_isdigit       		CODE           	3426	0000	49

/opt/microchip/xc8/v2.05/pic/sources/c99/common/isdigit.c estimated size: 49

/opt/microchip/xc8/v2.05/pic/sources/c99/common/sprcadd.c
		___flsub       		CODE           	32D0	0000	73
		___fladd       		CODE           	20F8	0000	781

/opt/microchip/xc8/v2.05/pic/sources/c99/common/sprcadd.c estimated size: 854

/opt/microchip/xc8/v2.05/pic/sources/c99/common/xxtofl.c
		___xxtofl      		CODE           	2986	0000	321

/opt/microchip/xc8/v2.05/pic/sources/c99/common/xxtofl.c estimated size: 321

/opt/microchip/xc8/v2.05/pic/sources/c99/common/atoi.c
		_atoi          		CODE           	2846	0000	321

/opt/microchip/xc8/v2.05/pic/sources/c99/common/atoi.c estimated size: 321

/opt/microchip/xc8/v2.05/pic/sources/c99/common/strlen.c
		_strlen        		CODE           	34B4	0000	43

/opt/microchip/xc8/v2.05/pic/sources/c99/common/strlen.c estimated size: 43

/opt/microchip/xc8/v2.05/pic/sources/c99/common/fleq.c
		___fleq        		CODE           	2EFA	0000	139

/opt/microchip/xc8/v2.05/pic/sources/c99/common/fleq.c estimated size: 139

/opt/microchip/xc8/v2.05/pic/sources/c99/common/nf_sprintf.c
		_sprintf       		CODE           	3148	0000	83

/opt/microchip/xc8/v2.05/pic/sources/c99/common/nf_sprintf.c estimated size: 83

/opt/microchip/xc8/v2.05/pic/sources/c99/common/floorf.c
		_floorf        		CODE           	268C	0000	443

/opt/microchip/xc8/v2.05/pic/sources/c99/common/floorf.c estimated size: 443

/opt/microchip/xc8/v2.05/pic/sources/c99/common/awmod.c
		___awmod       		CODE           	3082	0000	113

/opt/microchip/xc8/v2.05/pic/sources/c99/common/awmod.c estimated size: 113

/opt/microchip/xc8/v2.05/pic/sources/c99/common/strcpy.c
		_strcpy        		CODE           	319A	0000	83

/opt/microchip/xc8/v2.05/pic/sources/c99/common/strcpy.c estimated size: 83

/opt/microchip/xc8/v2.05/pic/sources/c99/common/isupper.c
		_isupper       		CODE           	33F6	0000	49

/opt/microchip/xc8/v2.05/pic/sources/c99/common/isupper.c estimated size: 49

shared
		__initialization		CODE           	34DE	0000	25
		_tiny          		SMALLCONST     	0000	0000	0

shared estimated size: 25

/opt/microchip/xc8/v2.05/pic/sources/c99/common/sqrtf.c
		_sqrtf         		CODE           	15F0	0000	1073

/opt/microchip/xc8/v2.05/pic/sources/c99/common/sqrtf.c estimated size: 1073

/opt/microchip/xc8/v2.05/pic/sources/c99/common/nf_fputs.c
		_fputs         		CODE           	3356	0000	57

/opt/microchip/xc8/v2.05/pic/sources/c99/common/nf_fputs.c estimated size: 57

/opt/microchip/xc8/v2.05/pic/sources/c99/common/__fpclassifyf.c
		___fpclassifyf 		CODE           	2B96	0000	205

/opt/microchip/xc8/v2.05/pic/sources/c99/common/__fpclassifyf.c estimated size: 205

/opt/microchip/xc8/v2.05/pic/sources/c99/common/fltol.c
		___fltol       		CODE           	2C62	0000	189

/opt/microchip/xc8/v2.05/pic/sources/c99/common/fltol.c estimated size: 189

/opt/microchip/xc8/v2.05/pic/sources/c99/common/awdiv.c
		___awdiv       		CODE           	2F84	0000	133

/opt/microchip/xc8/v2.05/pic/sources/c99/common/awdiv.c estimated size: 133

main.c
		_LCD_String    		CODE           	352A	0000	37
		_LCD_Init      		CODE           	3456	0000	49
		_LCD_Command   		CODE           	3284	0000	77
		_TIMER1_Start  		CODE           	3570	0000	25
		_LCD_String_xy 		CODE           	338E	0000	53
		_main          		CODE           	1A20	0000	903
		_LCD_Char      		CODE           	3238	0000	77
		_LCD_Clear     		CODE           	359E	0000	21
		_timer1_isr    		CODE           	0008	0000	29
		_MSdelay       		CODE           	33C2	0000	53
		_ADC_Read      		CODE           	3008	0000	123
		_ADC_Init      		CODE           	35B2	0000	21

main.c estimated size: 1468

/opt/microchip/xc8/v2.05/pic/sources/c99/common/isspace.c
		_isspace       		CODE           	3318	0000	63

/opt/microchip/xc8/v2.05/pic/sources/c99/common/isspace.c estimated size: 63

/opt/microchip/xc8/v2.05/pic/sources/c99/common/doprnt.c
		_vfpfcnvrt     		CODE           	11BC	0000	1077
		_efgtoa        		CODE           	0840	0000	2429
		_pad           		CODE           	2E60	0000	155
		_vfprintf      		CODE           	30F2	0000	87

/opt/microchip/xc8/v2.05/pic/sources/c99/common/doprnt.c estimated size: 3748

